--- 
http_interactions: 
- request: 
    method: get
    uri: https://pdc.engineering.redhat.com/rest_api/v1/content-delivery-repos/?page_size=-1&release_id=ceph-2.1-updates@rhel-7&service=rhn
    body: 
      encoding: US-ASCII
      string: ""
    headers: 
      Accept: 
      - application/json
      Content-Type: 
      - application/json
      User-Agent: 
      - Faraday v0.9.2
      Accept-Encoding: 
      - gzip;q=1.0,deflate;q=0.6,identity;q=0.3
  response: 
    status: 
      code: 200
      message: OK
    headers: 
      Date: 
      - Tue, 18 Apr 2017 06:24:56 GMT
      Server: 
      - Apache/2.4.6 (Red Hat Enterprise Linux) OpenSSL/1.0.1e-fips mod_auth_kerb/5.4 mod_wsgi/3.4 Python/2.7.5
      Expires: 
      - Tue, 18 Apr 2017 06:25:26 GMT
      Vary: 
      - Accept,Cookie
      Last-Modified: 
      - Tue, 18 Apr 2017 06:24:56 GMT
      Allow: 
      - GET, POST, PUT, PATCH, DELETE, HEAD, OPTIONS
      Cache-Control: 
      - max-age=30
      X-Frame-Options: 
      - SAMEORIGIN
      Transfer-Encoding: 
      - chunked
      Content-Type: 
      - application/json
    body: 
      encoding: UTF-8
      string: "[{\"id\":34685,\"release_id\":\"ceph-2.1-updates@rhel-7\",\"variant_uid\":\"Client-Tools\",\"arch\":\"x86_64\",\"service\":\"rhn\",\"repo_family\":\"dist\",\"content_format\":\"rpm\",\"content_category\":\"binary\",\"name\":\"rhel-x86_64-client-7-rhceph-2-tools\",\"shadow\":false,\"product_id\":null},{\"id\":34686,\"release_id\":\"ceph-2.1-updates@rhel-7\",\"variant_uid\":\"ComputeNode-Tools\",\"arch\":\"x86_64\",\"service\":\"rhn\",\"repo_family\":\"dist\",\"content_format\":\"rpm\",\"content_category\":\"binary\",\"name\":\"rhel-x86_64-hpc-node-7-rhceph-2-tools\",\"shadow\":false,\"product_id\":null},{\"id\":34687,\"release_id\":\"ceph-2.1-updates@rhel-7\",\"variant_uid\":\"MON\",\"arch\":\"x86_64\",\"service\":\"rhn\",\"repo_family\":\"dist\",\"content_format\":\"rpm\",\"content_category\":\"binary\",\"name\":\"rhel-x86_64-server-7-rhceph-2-mon\",\"shadow\":false,\"product_id\":null},{\"id\":34688,\"release_id\":\"ceph-2.1-updates@rhel-7\",\"variant_uid\":\"OSD\",\"arch\":\"x86_64\",\"service\":\"rhn\",\"repo_family\":\"dist\",\"content_format\":\"rpm\",\"content_category\":\"binary\",\"name\":\"rhel-x86_64-server-7-rhceph-2-osd\",\"shadow\":false,\"product_id\":null},{\"id\":34689,\"release_id\":\"ceph-2.1-updates@rhel-7\",\"variant_uid\":\"Server-Tools\",\"arch\":\"x86_64\",\"service\":\"rhn\",\"repo_family\":\"dist\",\"content_format\":\"rpm\",\"content_category\":\"binary\",\"name\":\"rhel-x86_64-server-7-rhceph-2-tools\",\"shadow\":false,\"product_id\":null},{\"id\":34690,\"release_id\":\"ceph-2.1-updates@rhel-7\",\"variant_uid\":\"Workstation-Tools\",\"arch\":\"x86_64\",\"service\":\"rhn\",\"repo_family\":\"dist\",\"content_format\":\"rpm\",\"content_category\":\"binary\",\"name\":\"rhel-x86_64-workstation-7-rhceph-2-tools\",\"shadow\":false,\"product_id\":null}]"
    http_version: 
  recorded_at: Tue, 18 Apr 2017 06:25:59 GMT
- request: 
    method: get
    uri: https://pdc.engineering.redhat.com/rest_api/v1/content-delivery-repos/?page_size=-1&release_id=ceph-2.1-updates@rhel-7&service=pulp
    body: 
      encoding: US-ASCII
      string: ""
    headers: 
      Accept: 
      - application/json
      Content-Type: 
      - application/json
      User-Agent: 
      - Faraday v0.9.2
      Accept-Encoding: 
      - gzip;q=1.0,deflate;q=0.6,identity;q=0.3
  response: 
    status: 
      code: 200
      message: OK
    headers: 
      Date: 
      - Tue, 18 Apr 2017 06:24:58 GMT
      Server: 
      - Apache/2.4.6 (Red Hat Enterprise Linux) OpenSSL/1.0.1e-fips mod_auth_kerb/5.4 mod_wsgi/3.4 Python/2.7.5
      Expires: 
      - Tue, 18 Apr 2017 06:25:28 GMT
      Vary: 
      - Accept,Cookie
      Last-Modified: 
      - Tue, 18 Apr 2017 06:24:58 GMT
      Allow: 
      - GET, POST, PUT, PATCH, DELETE, HEAD, OPTIONS
      Cache-Control: 
      - max-age=30
      X-Frame-Options: 
      - SAMEORIGIN
      Transfer-Encoding: 
      - chunked
      Content-Type: 
      - application/json
    body: 
      encoding: UTF-8
      string: "[{\"id\":34667,\"release_id\":\"ceph-2.1-updates@rhel-7\",\"variant_uid\":\"Client-Tools\",\"arch\":\"x86_64\",\"service\":\"pulp\",\"repo_family\":\"dist\",\"content_format\":\"rpm\",\"content_category\":\"debug\",\"name\":\"rhel-7-desktop-rhceph-2-tools-debug-rpms__7Client__x86_64\",\"shadow\":false,\"product_id\":68},{\"id\":34668,\"release_id\":\"ceph-2.1-updates@rhel-7\",\"variant_uid\":\"Client-Tools\",\"arch\":\"x86_64\",\"service\":\"pulp\",\"repo_family\":\"dist\",\"content_format\":\"rpm\",\"content_category\":\"binary\",\"name\":\"rhel-7-desktop-rhceph-2-tools-rpms__7Client__x86_64\",\"shadow\":false,\"product_id\":68},{\"id\":34669,\"release_id\":\"ceph-2.1-updates@rhel-7\",\"variant_uid\":\"Client-Tools\",\"arch\":\"x86_64\",\"service\":\"pulp\",\"repo_family\":\"dist\",\"content_format\":\"rpm\",\"content_category\":\"source\",\"name\":\"rhel-7-desktop-rhceph-2-tools-source-rpms__7Client__x86_64\",\"shadow\":false,\"product_id\":68},{\"id\":34670,\"release_id\":\"ceph-2.1-updates@rhel-7\",\"variant_uid\":\"ComputeNode-Tools\",\"arch\":\"x86_64\",\"service\":\"pulp\",\"repo_family\":\"dist\",\"content_format\":\"rpm\",\"content_category\":\"debug\",\"name\":\"rhel-7-for-hpc-node-rhceph-2-tools-debug-rpms__7ComputeNode__x86_64\",\"shadow\":false,\"product_id\":76},{\"id\":34671,\"release_id\":\"ceph-2.1-updates@rhel-7\",\"variant_uid\":\"ComputeNode-Tools\",\"arch\":\"x86_64\",\"service\":\"pulp\",\"repo_family\":\"dist\",\"content_format\":\"rpm\",\"content_category\":\"binary\",\"name\":\"rhel-7-for-hpc-node-rhceph-2-tools-rpms__7ComputeNode__x86_64\",\"shadow\":false,\"product_id\":76},{\"id\":34672,\"release_id\":\"ceph-2.1-updates@rhel-7\",\"variant_uid\":\"ComputeNode-Tools\",\"arch\":\"x86_64\",\"service\":\"pulp\",\"repo_family\":\"dist\",\"content_format\":\"rpm\",\"content_category\":\"source\",\"name\":\"rhel-7-for-hpc-node-rhceph-2-tools-source-rpms__7ComputeNode__x86_64\",\"shadow\":false,\"product_id\":76},{\"id\":34673,\"release_id\":\"ceph-2.1-updates@rhel-7\",\"variant_uid\":\"MON\",\"arch\":\"x86_64\",\"service\":\"pulp\",\"repo_family\":\"dist\",\"content_format\":\"rpm\",\"content_category\":\"debug\",\"name\":\"rhel-7-server-rhceph-2-mon-debug-rpms__7Server__x86_64\",\"shadow\":false,\"product_id\":286},{\"id\":34674,\"release_id\":\"ceph-2.1-updates@rhel-7\",\"variant_uid\":\"MON\",\"arch\":\"x86_64\",\"service\":\"pulp\",\"repo_family\":\"dist\",\"content_format\":\"rpm\",\"content_category\":\"binary\",\"name\":\"rhel-7-server-rhceph-2-mon-rpms__7Server__x86_64\",\"shadow\":false,\"product_id\":286},{\"id\":34675,\"release_id\":\"ceph-2.1-updates@rhel-7\",\"variant_uid\":\"MON\",\"arch\":\"x86_64\",\"service\":\"pulp\",\"repo_family\":\"dist\",\"content_format\":\"rpm\",\"content_category\":\"source\",\"name\":\"rhel-7-server-rhceph-2-mon-source-rpms__7Server__x86_64\",\"shadow\":false,\"product_id\":286},{\"id\":34676,\"release_id\":\"ceph-2.1-updates@rhel-7\",\"variant_uid\":\"OSD\",\"arch\":\"x86_64\",\"service\":\"pulp\",\"repo_family\":\"dist\",\"content_format\":\"rpm\",\"content_category\":\"debug\",\"name\":\"rhel-7-server-rhceph-2-osd-debug-rpms__7Server__x86_64\",\"shadow\":false,\"product_id\":288},{\"id\":34677,\"release_id\":\"ceph-2.1-updates@rhel-7\",\"variant_uid\":\"OSD\",\"arch\":\"x86_64\",\"service\":\"pulp\",\"repo_family\":\"dist\",\"content_format\":\"rpm\",\"content_category\":\"binary\",\"name\":\"rhel-7-server-rhceph-2-osd-rpms__7Server__x86_64\",\"shadow\":false,\"product_id\":288},{\"id\":34678,\"release_id\":\"ceph-2.1-updates@rhel-7\",\"variant_uid\":\"OSD\",\"arch\":\"x86_64\",\"service\":\"pulp\",\"repo_family\":\"dist\",\"content_format\":\"rpm\",\"content_category\":\"source\",\"name\":\"rhel-7-server-rhceph-2-osd-source-rpms__7Server__x86_64\",\"shadow\":false,\"product_id\":288},{\"id\":34679,\"release_id\":\"ceph-2.1-updates@rhel-7\",\"variant_uid\":\"Server-Tools\",\"arch\":\"x86_64\",\"service\":\"pulp\",\"repo_family\":\"dist\",\"content_format\":\"rpm\",\"content_category\":\"debug\",\"name\":\"rhel-7-server-rhceph-2-tools-debug-rpms__7Server__x86_64\",\"shadow\":false,\"product_id\":69},{\"id\":34680,\"release_id\":\"ceph-2.1-updates@rhel-7\",\"variant_uid\":\"Server-Tools\",\"arch\":\"x86_64\",\"service\":\"pulp\",\"repo_family\":\"dist\",\"content_format\":\"rpm\",\"content_category\":\"binary\",\"name\":\"rhel-7-server-rhceph-2-tools-rpms__7Server__x86_64\",\"shadow\":false,\"product_id\":69},{\"id\":34681,\"release_id\":\"ceph-2.1-updates@rhel-7\",\"variant_uid\":\"Server-Tools\",\"arch\":\"x86_64\",\"service\":\"pulp\",\"repo_family\":\"dist\",\"content_format\":\"rpm\",\"content_category\":\"source\",\"name\":\"rhel-7-server-rhceph-2-tools-source-rpms__7Server__x86_64\",\"shadow\":false,\"product_id\":69},{\"id\":34682,\"release_id\":\"ceph-2.1-updates@rhel-7\",\"variant_uid\":\"Workstation-Tools\",\"arch\":\"x86_64\",\"service\":\"pulp\",\"repo_family\":\"dist\",\"content_format\":\"rpm\",\"content_category\":\"debug\",\"name\":\"rhel-7-workstation-rhceph-2-tools-debug-rpms__7Workstation__x86_64\",\"shadow\":false,\"product_id\":71},{\"id\":34683,\"release_id\":\"ceph-2.1-updates@rhel-7\",\"variant_uid\":\"Workstation-Tools\",\"arch\":\"x86_64\",\"service\":\"pulp\",\"repo_family\":\"dist\",\"content_format\":\"rpm\",\"content_category\":\"binary\",\"name\":\"rhel-7-workstation-rhceph-2-tools-rpms__7Workstation__x86_64\",\"shadow\":false,\"product_id\":71},{\"id\":34684,\"release_id\":\"ceph-2.1-updates@rhel-7\",\"variant_uid\":\"Workstation-Tools\",\"arch\":\"x86_64\",\"service\":\"pulp\",\"repo_family\":\"dist\",\"content_format\":\"rpm\",\"content_category\":\"source\",\"name\":\"rhel-7-workstation-rhceph-2-tools-source-rpms__7Workstation__x86_64\",\"shadow\":false,\"product_id\":71}]"
    http_version: 
  recorded_at: Tue, 18 Apr 2017 06:26:01 GMT
- request: 
    method: get
    uri: https://pdc.engineering.redhat.com/rest_api/v1/release-variants/?release=ceph-2.1-updates@rhel-7&uid=Client-Tools
    body: 
      encoding: US-ASCII
      string: ""
    headers: 
      Accept: 
      - application/json
      Content-Type: 
      - application/json
      User-Agent: 
      - Faraday v0.9.2
      Accept-Encoding: 
      - gzip;q=1.0,deflate;q=0.6,identity;q=0.3
  response: 
    status: 
      code: 200
      message: OK
    headers: 
      Date: 
      - Tue, 18 Apr 2017 06:24:59 GMT
      Server: 
      - Apache/2.4.6 (Red Hat Enterprise Linux) OpenSSL/1.0.1e-fips mod_auth_kerb/5.4 mod_wsgi/3.4 Python/2.7.5
      Expires: 
      - Tue, 18 Apr 2017 06:25:30 GMT
      Vary: 
      - Accept,Cookie
      Last-Modified: 
      - Tue, 18 Apr 2017 01:47:49 GMT
      Allow: 
      - GET, POST, PUT, PATCH, DELETE, HEAD, OPTIONS
      Cache-Control: 
      - max-age=30
      X-Frame-Options: 
      - SAMEORIGIN
      Transfer-Encoding: 
      - chunked
      Content-Type: 
      - application/json
    body: 
      encoding: UTF-8
      string: "{\"count\":1,\"next\":null,\"previous\":null,\"results\":[{\"release\":\"ceph-2.1-updates@rhel-7\",\"id\":\"ClientTools\",\"uid\":\"Client-Tools\",\"name\":\"Client-Tools\",\"type\":\"variant\",\"arches\":[\"x86_64\"]}]}"
    http_version: 
  recorded_at: Tue, 18 Apr 2017 06:26:02 GMT
- request: 
    method: get
    uri: https://pdc.engineering.redhat.com/rest_api/v1/release-variants/?release=ceph-2.1-updates@rhel-7&uid=ComputeNode-Tools
    body: 
      encoding: US-ASCII
      string: ""
    headers: 
      Accept: 
      - application/json
      Content-Type: 
      - application/json
      User-Agent: 
      - Faraday v0.9.2
      Accept-Encoding: 
      - gzip;q=1.0,deflate;q=0.6,identity;q=0.3
  response: 
    status: 
      code: 200
      message: OK
    headers: 
      Date: 
      - Tue, 18 Apr 2017 06:25:02 GMT
      Server: 
      - Apache/2.4.6 (Red Hat Enterprise Linux) OpenSSL/1.0.1e-fips mod_auth_kerb/5.4 mod_wsgi/3.4 Python/2.7.5
      Expires: 
      - Tue, 18 Apr 2017 06:25:32 GMT
      Vary: 
      - Accept,Cookie
      Last-Modified: 
      - Tue, 18 Apr 2017 01:47:49 GMT
      Allow: 
      - GET, POST, PUT, PATCH, DELETE, HEAD, OPTIONS
      Cache-Control: 
      - max-age=30
      X-Frame-Options: 
      - SAMEORIGIN
      Transfer-Encoding: 
      - chunked
      Content-Type: 
      - application/json
    body: 
      encoding: UTF-8
      string: "{\"count\":1,\"next\":null,\"previous\":null,\"results\":[{\"release\":\"ceph-2.1-updates@rhel-7\",\"id\":\"ComputeNodeTools\",\"uid\":\"ComputeNode-Tools\",\"name\":\"ComputeNode-Tools\",\"type\":\"variant\",\"arches\":[\"x86_64\"]}]}"
    http_version: 
  recorded_at: Tue, 18 Apr 2017 06:26:04 GMT
- request: 
    method: get
    uri: https://pdc.engineering.redhat.com/rest_api/v1/release-variants/?release=ceph-2.1-updates@rhel-7&uid=OSD
    body: 
      encoding: US-ASCII
      string: ""
    headers: 
      Accept: 
      - application/json
      Content-Type: 
      - application/json
      User-Agent: 
      - Faraday v0.9.2
      Accept-Encoding: 
      - gzip;q=1.0,deflate;q=0.6,identity;q=0.3
  response: 
    status: 
      code: 200
      message: OK
    headers: 
      Date: 
      - Tue, 18 Apr 2017 06:25:04 GMT
      Server: 
      - Apache/2.4.6 (Red Hat Enterprise Linux) OpenSSL/1.0.1e-fips mod_auth_kerb/5.4 mod_wsgi/3.4 Python/2.7.5
      Expires: 
      - Tue, 18 Apr 2017 06:25:35 GMT
      Vary: 
      - Accept,Cookie
      Last-Modified: 
      - Tue, 18 Apr 2017 01:47:49 GMT
      Allow: 
      - GET, POST, PUT, PATCH, DELETE, HEAD, OPTIONS
      Cache-Control: 
      - max-age=30
      X-Frame-Options: 
      - SAMEORIGIN
      Transfer-Encoding: 
      - chunked
      Content-Type: 
      - application/json
    body: 
      encoding: UTF-8
      string: "{\"count\":1,\"next\":null,\"previous\":null,\"results\":[{\"release\":\"ceph-2.1-updates@rhel-7\",\"id\":\"OSD\",\"uid\":\"OSD\",\"name\":\"OSD\",\"type\":\"variant\",\"arches\":[\"x86_64\"]}]}"
    http_version: 
  recorded_at: Tue, 18 Apr 2017 06:26:07 GMT
- request: 
    method: get
    uri: https://pdc.engineering.redhat.com/rest_api/v1/release-variants/?release=ceph-2.1-updates@rhel-7&uid=Server-Tools
    body: 
      encoding: US-ASCII
      string: ""
    headers: 
      Accept: 
      - application/json
      Content-Type: 
      - application/json
      User-Agent: 
      - Faraday v0.9.2
      Accept-Encoding: 
      - gzip;q=1.0,deflate;q=0.6,identity;q=0.3
  response: 
    status: 
      code: 200
      message: OK
    headers: 
      Date: 
      - Tue, 18 Apr 2017 06:25:06 GMT
      Server: 
      - Apache/2.4.6 (Red Hat Enterprise Linux) OpenSSL/1.0.1e-fips mod_auth_kerb/5.4 mod_wsgi/3.4 Python/2.7.5
      Expires: 
      - Tue, 18 Apr 2017 06:25:36 GMT
      Vary: 
      - Accept,Cookie
      Last-Modified: 
      - Tue, 18 Apr 2017 01:47:49 GMT
      Allow: 
      - GET, POST, PUT, PATCH, DELETE, HEAD, OPTIONS
      Cache-Control: 
      - max-age=30
      X-Frame-Options: 
      - SAMEORIGIN
      Transfer-Encoding: 
      - chunked
      Content-Type: 
      - application/json
    body: 
      encoding: UTF-8
      string: "{\"count\":1,\"next\":null,\"previous\":null,\"results\":[{\"release\":\"ceph-2.1-updates@rhel-7\",\"id\":\"ServerTools\",\"uid\":\"Server-Tools\",\"name\":\"Server-Tools\",\"type\":\"variant\",\"arches\":[\"x86_64\"]}]}"
    http_version: 
  recorded_at: Tue, 18 Apr 2017 06:26:09 GMT
- request: 
    method: get
    uri: https://pdc.engineering.redhat.com/rest_api/v1/release-variants/?release=ceph-2.1-updates@rhel-7&uid=Workstation-Tools
    body: 
      encoding: US-ASCII
      string: ""
    headers: 
      Accept: 
      - application/json
      Content-Type: 
      - application/json
      User-Agent: 
      - Faraday v0.9.2
      Accept-Encoding: 
      - gzip;q=1.0,deflate;q=0.6,identity;q=0.3
  response: 
    status: 
      code: 200
      message: OK
    headers: 
      Date: 
      - Tue, 18 Apr 2017 06:25:09 GMT
      Server: 
      - Apache/2.4.6 (Red Hat Enterprise Linux) OpenSSL/1.0.1e-fips mod_auth_kerb/5.4 mod_wsgi/3.4 Python/2.7.5
      Expires: 
      - Tue, 18 Apr 2017 06:25:39 GMT
      Vary: 
      - Accept,Cookie
      Last-Modified: 
      - Tue, 18 Apr 2017 01:47:49 GMT
      Allow: 
      - GET, POST, PUT, PATCH, DELETE, HEAD, OPTIONS
      Cache-Control: 
      - max-age=30
      X-Frame-Options: 
      - SAMEORIGIN
      Transfer-Encoding: 
      - chunked
      Content-Type: 
      - application/json
    body: 
      encoding: UTF-8
      string: "{\"count\":1,\"next\":null,\"previous\":null,\"results\":[{\"release\":\"ceph-2.1-updates@rhel-7\",\"id\":\"WorkstationTools\",\"uid\":\"Workstation-Tools\",\"name\":\"Workstation-Tools\",\"type\":\"variant\",\"arches\":[\"x86_64\"]}]}"
    http_version: 
  recorded_at: Tue, 18 Apr 2017 06:26:11 GMT
- request: 
    method: get
    uri: https://pdc.engineering.redhat.com/rest_api/v1/releases/ceph-2.1-updates@rhel-7/
    body: 
      encoding: US-ASCII
      string: ""
    headers: 
      Accept: 
      - application/json
      Content-Type: 
      - application/json
      User-Agent: 
      - Faraday v0.9.2
      Accept-Encoding: 
      - gzip;q=1.0,deflate;q=0.6,identity;q=0.3
  response: 
    status: 
      code: 200
      message: OK
    headers: 
      Date: 
      - Tue, 18 Apr 2017 06:25:10 GMT
      Server: 
      - Apache/2.4.6 (Red Hat Enterprise Linux) OpenSSL/1.0.1e-fips mod_auth_kerb/5.4 mod_wsgi/3.4 Python/2.7.5
      Expires: 
      - Tue, 18 Apr 2017 06:25:40 GMT
      Vary: 
      - Accept,Cookie
      Last-Modified: 
      - Tue, 11 Apr 2017 16:18:54 GMT
      Allow: 
      - GET, PUT, PATCH, HEAD, OPTIONS
      Cache-Control: 
      - max-age=30
      X-Frame-Options: 
      - SAMEORIGIN
      Transfer-Encoding: 
      - chunked
      Content-Type: 
      - application/json
    body: 
      encoding: UTF-8
      string: "{\"release_id\":\"ceph-2.1-updates@rhel-7\",\"short\":\"ceph\",\"version\":\"2.1\",\"name\":\"Red Hat Ceph Storage\",\"base_product\":\"rhel-7\",\"active\":true,\"product_version\":\"ceph-2\",\"release_type\":\"updates\",\"compose_set\":[\"RHCEPH-2.1-RHEL-7-20161201.t.0\",\"RHCEPH-2.1-RHEL-7-20161207.t.0\",\"RHCEPH-2.1-RHEL-7-20161208.t.0\",\"RHCEPH-2.1-RHEL-7-20161208.t.1\"],\"integrated_with\":null,\"bugzilla\":null,\"dist_git\":null,\"brew\":{\"default_target\":\"ceph-2-rhel-7-candidate\",\"allowed_tags\":[\"ceph-2-rhel-7-candidate\",\"ceph-2-rhel-7\"]},\"product_pages\":null,\"errata\":null}"
    http_version: 
  recorded_at: Tue, 18 Apr 2017 06:26:13 GMT
- request: 
    method: get
    uri: https://pdc.engineering.redhat.com/rest_api/v1/release-variants/?release=ceph-2.1-updates@rhel-7
    body: 
      encoding: US-ASCII
      string: ""
    headers: 
      Accept: 
      - application/json
      Content-Type: 
      - application/json
      User-Agent: 
      - Faraday v0.9.2
      Accept-Encoding: 
      - gzip;q=1.0,deflate;q=0.6,identity;q=0.3
  response: 
    status: 
      code: 200
      message: OK
    headers: 
      Date: 
      - Tue, 18 Apr 2017 06:25:12 GMT
      Server: 
      - Apache/2.4.6 (Red Hat Enterprise Linux) OpenSSL/1.0.1e-fips mod_auth_kerb/5.4 mod_wsgi/3.4 Python/2.7.5
      Expires: 
      - Tue, 18 Apr 2017 06:25:42 GMT
      Vary: 
      - Accept,Cookie
      Last-Modified: 
      - Tue, 18 Apr 2017 01:47:49 GMT
      Allow: 
      - GET, POST, PUT, PATCH, DELETE, HEAD, OPTIONS
      Cache-Control: 
      - max-age=30
      X-Frame-Options: 
      - SAMEORIGIN
      Transfer-Encoding: 
      - chunked
      Content-Type: 
      - application/json
    body: 
      encoding: UTF-8
      string: "{\"count\":6,\"next\":null,\"previous\":null,\"results\":[{\"release\":\"ceph-2.1-updates@rhel-7\",\"id\":\"ClientTools\",\"uid\":\"Client-Tools\",\"name\":\"Client-Tools\",\"type\":\"variant\",\"arches\":[\"x86_64\"]},{\"release\":\"ceph-2.1-updates@rhel-7\",\"id\":\"ComputeNodeTools\",\"uid\":\"ComputeNode-Tools\",\"name\":\"ComputeNode-Tools\",\"type\":\"variant\",\"arches\":[\"x86_64\"]},{\"release\":\"ceph-2.1-updates@rhel-7\",\"id\":\"MON\",\"uid\":\"MON\",\"name\":\"MON\",\"type\":\"variant\",\"arches\":[\"x86_64\"]},{\"release\":\"ceph-2.1-updates@rhel-7\",\"id\":\"OSD\",\"uid\":\"OSD\",\"name\":\"OSD\",\"type\":\"variant\",\"arches\":[\"x86_64\"]},{\"release\":\"ceph-2.1-updates@rhel-7\",\"id\":\"ServerTools\",\"uid\":\"Server-Tools\",\"name\":\"Server-Tools\",\"type\":\"variant\",\"arches\":[\"x86_64\"]},{\"release\":\"ceph-2.1-updates@rhel-7\",\"id\":\"WorkstationTools\",\"uid\":\"Workstation-Tools\",\"name\":\"Workstation-Tools\",\"type\":\"variant\",\"arches\":[\"x86_64\"]}]}"
    http_version: 
  recorded_at: Tue, 18 Apr 2017 06:26:15 GMT
recorded_with: VCR 3.0.3
